// Jest Snapshot v1, https://goo.gl/fbAQLP

exports[`The RecipesBackend stack matches the snapshot 1`] = `
{
  "Metadata": {
    "gu:cdk:constructs": [
      "GuDistributionBucketParameter",
      "GuLambdaFunction",
      "GuKinesisLambdaExperimental",
    ],
    "gu:cdk:version": "TEST",
  },
  "Parameters": {
    "DistributionBucketName": {
      "Default": "/account/services/artifact.bucket",
      "Description": "SSM parameter containing the S3 bucket name holding distribution artifacts",
      "Type": "AWS::SSM::Parameter::Value<String>",
    },
  },
  "Resources": {
    "staticcdnRead42C381A5": {
      "Properties": {
        "Tags": [
          {
            "Key": "gu:cdk:version",
            "Value": "TEST",
          },
          {
            "Key": "gu:repo",
            "Value": "guardian/recipes-backend",
          },
          {
            "Key": "Stack",
            "Value": "content-api",
          },
          {
            "Key": "Stage",
            "Value": "TEST",
          },
        ],
        "UserName": "recipes-api-cdn-TEST",
      },
      "Type": "AWS::IAM::User",
    },
    "staticcdnReadDefaultPolicy5DF868F9": {
      "Properties": {
        "PolicyDocument": {
          "Statement": [
            {
              "Action": "s3:GetObject",
              "Effect": "Allow",
              "Resource": {
                "Fn::Join": [
                  "",
                  [
                    {
                      "Fn::GetAtt": [
                        "staticstaticServing53194089",
                        "Arn",
                      ],
                    },
                    "/*",
                  ],
                ],
              },
            },
          ],
          "Version": "2012-10-17",
        },
        "PolicyName": "staticcdnReadDefaultPolicy5DF868F9",
        "Users": [
          {
            "Ref": "staticcdnRead42C381A5",
          },
        ],
      },
      "Type": "AWS::IAM::Policy",
    },
    "staticstaticServing53194089": {
      "DeletionPolicy": "Delete",
      "Properties": {
        "BucketName": "recipes-backend-static-test",
        "Tags": [
          {
            "Key": "gu:cdk:version",
            "Value": "TEST",
          },
          {
            "Key": "gu:repo",
            "Value": "guardian/recipes-backend",
          },
          {
            "Key": "Stack",
            "Value": "content-api",
          },
          {
            "Key": "Stage",
            "Value": "TEST",
          },
        ],
      },
      "Type": "AWS::S3::Bucket",
      "UpdateReplacePolicy": "Delete",
    },
    "staticstaticServingPolicyC6F5921B": {
      "Properties": {
        "Bucket": {
          "Ref": "staticstaticServing53194089",
        },
        "PolicyDocument": {
          "Statement": [
            {
              "Action": "s3:*",
              "Condition": {
                "Bool": {
                  "aws:SecureTransport": "false",
                },
              },
              "Effect": "Deny",
              "Principal": {
                "AWS": "*",
              },
              "Resource": [
                {
                  "Fn::GetAtt": [
                    "staticstaticServing53194089",
                    "Arn",
                  ],
                },
                {
                  "Fn::Join": [
                    "",
                    [
                      {
                        "Fn::GetAtt": [
                          "staticstaticServing53194089",
                          "Arn",
                        ],
                      },
                      "/*",
                    ],
                  ],
                },
              ],
            },
          ],
          "Version": "2012-10-17",
        },
      },
      "Type": "AWS::S3::BucketPolicy",
    },
    "storeRecipeTableC3AD84B7": {
      "DeletionPolicy": "Retain",
      "Properties": {
        "AttributeDefinitions": [
          {
            "AttributeName": "capiArticleId",
            "AttributeType": "S",
          },
          {
            "AttributeName": "recipeUID",
            "AttributeType": "S",
          },
          {
            "AttributeName": "lastUpdated",
            "AttributeType": "S",
          },
        ],
        "BillingMode": "PAY_PER_REQUEST",
        "GlobalSecondaryIndexes": [
          {
            "IndexName": "idxArticleLastUpdated",
            "KeySchema": [
              {
                "AttributeName": "capiArticleId",
                "KeyType": "HASH",
              },
              {
                "AttributeName": "lastUpdated",
                "KeyType": "RANGE",
              },
            ],
            "Projection": {
              "NonKeyAttributes": [
                "recipeVersion",
              ],
              "ProjectionType": "INCLUDE",
            },
          },
        ],
        "KeySchema": [
          {
            "AttributeName": "capiArticleId",
            "KeyType": "HASH",
          },
          {
            "AttributeName": "recipeUID",
            "KeyType": "RANGE",
          },
        ],
        "PointInTimeRecoverySpecification": {
          "PointInTimeRecoveryEnabled": true,
        },
        "SSESpecification": {
          "SSEEnabled": true,
        },
        "TableName": "recipes-backend-indexstore-TEST",
        "Tags": [
          {
            "Key": "gu:cdk:version",
            "Value": "TEST",
          },
          {
            "Key": "gu:repo",
            "Value": "guardian/recipes-backend",
          },
          {
            "Key": "Stack",
            "Value": "content-api",
          },
          {
            "Key": "Stage",
            "Value": "TEST",
          },
        ],
      },
      "Type": "AWS::DynamoDB::Table",
      "UpdateReplacePolicy": "Retain",
    },
    "testIndexLambda2BDF8073": {
      "DependsOn": [
        "testIndexLambdaServiceRoleDefaultPolicyD508FE80",
        "testIndexLambdaServiceRole56B9AD34",
      ],
      "Properties": {
        "Architectures": [
          "arm64",
        ],
        "Code": {
          "S3Bucket": {
            "Ref": "DistributionBucketName",
          },
          "S3Key": "content-api/TEST/recipes-backend-testindex/test-indexbuild-lambda.zip",
        },
        "Environment": {
          "Variables": {
            "APP": "recipes-backend-testindex",
            "INDEX_TABLE": {
              "Ref": "storeRecipeTableC3AD84B7",
            },
            "LAST_UPDATED_INDEX": "idxArticleLastUpdated",
            "STACK": "content-api",
            "STAGE": "TEST",
            "STATIC_BUCKET": {
              "Ref": "staticstaticServing53194089",
            },
          },
        },
        "Handler": "main.handler",
        "MemorySize": 512,
        "Role": {
          "Fn::GetAtt": [
            "testIndexLambdaServiceRole56B9AD34",
            "Arn",
          ],
        },
        "Runtime": "nodejs18.x",
        "Tags": [
          {
            "Key": "App",
            "Value": "recipes-backend-testindex",
          },
          {
            "Key": "gu:cdk:version",
            "Value": "TEST",
          },
          {
            "Key": "gu:repo",
            "Value": "guardian/recipes-backend",
          },
          {
            "Key": "Stack",
            "Value": "content-api",
          },
          {
            "Key": "Stage",
            "Value": "TEST",
          },
        ],
        "Timeout": 60,
      },
      "Type": "AWS::Lambda::Function",
    },
    "testIndexLambdaServiceRole56B9AD34": {
      "Properties": {
        "AssumeRolePolicyDocument": {
          "Statement": [
            {
              "Action": "sts:AssumeRole",
              "Effect": "Allow",
              "Principal": {
                "Service": "lambda.amazonaws.com",
              },
            },
          ],
          "Version": "2012-10-17",
        },
        "ManagedPolicyArns": [
          {
            "Fn::Join": [
              "",
              [
                "arn:",
                {
                  "Ref": "AWS::Partition",
                },
                ":iam::aws:policy/service-role/AWSLambdaBasicExecutionRole",
              ],
            ],
          },
        ],
        "Tags": [
          {
            "Key": "App",
            "Value": "recipes-backend-testindex",
          },
          {
            "Key": "gu:cdk:version",
            "Value": "TEST",
          },
          {
            "Key": "gu:repo",
            "Value": "guardian/recipes-backend",
          },
          {
            "Key": "Stack",
            "Value": "content-api",
          },
          {
            "Key": "Stage",
            "Value": "TEST",
          },
        ],
      },
      "Type": "AWS::IAM::Role",
    },
    "testIndexLambdaServiceRoleDefaultPolicyD508FE80": {
      "Properties": {
        "PolicyDocument": {
          "Statement": [
            {
              "Action": [
                "s3:PutObject",
                "s3:DeleteObject",
              ],
              "Effect": "Allow",
              "Resource": {
                "Fn::Join": [
                  "",
                  [
                    {
                      "Fn::GetAtt": [
                        "staticstaticServing53194089",
                        "Arn",
                      ],
                    },
                    "/*",
                  ],
                ],
              },
            },
            {
              "Action": [
                "dynamodb:Scan",
                "dynamodb:Query",
              ],
              "Effect": "Allow",
              "Resource": [
                {
                  "Fn::GetAtt": [
                    "storeRecipeTableC3AD84B7",
                    "Arn",
                  ],
                },
                {
                  "Fn::Join": [
                    "",
                    [
                      {
                        "Fn::GetAtt": [
                          "storeRecipeTableC3AD84B7",
                          "Arn",
                        ],
                      },
                      "/index/*",
                    ],
                  ],
                },
              ],
            },
            {
              "Action": [
                "s3:GetObject*",
                "s3:GetBucket*",
                "s3:List*",
              ],
              "Effect": "Allow",
              "Resource": [
                {
                  "Fn::Join": [
                    "",
                    [
                      "arn:",
                      {
                        "Ref": "AWS::Partition",
                      },
                      ":s3:::",
                      {
                        "Ref": "DistributionBucketName",
                      },
                    ],
                  ],
                },
                {
                  "Fn::Join": [
                    "",
                    [
                      "arn:",
                      {
                        "Ref": "AWS::Partition",
                      },
                      ":s3:::",
                      {
                        "Ref": "DistributionBucketName",
                      },
                      "/content-api/TEST/recipes-backend-testindex/test-indexbuild-lambda.zip",
                    ],
                  ],
                },
              ],
            },
            {
              "Action": "ssm:GetParametersByPath",
              "Effect": "Allow",
              "Resource": {
                "Fn::Join": [
                  "",
                  [
                    "arn:aws:ssm:",
                    {
                      "Ref": "AWS::Region",
                    },
                    ":",
                    {
                      "Ref": "AWS::AccountId",
                    },
                    ":parameter/TEST/content-api/recipes-backend-testindex",
                  ],
                ],
              },
            },
            {
              "Action": [
                "ssm:GetParameters",
                "ssm:GetParameter",
              ],
              "Effect": "Allow",
              "Resource": {
                "Fn::Join": [
                  "",
                  [
                    "arn:aws:ssm:",
                    {
                      "Ref": "AWS::Region",
                    },
                    ":",
                    {
                      "Ref": "AWS::AccountId",
                    },
                    ":parameter/TEST/content-api/recipes-backend-testindex/*",
                  ],
                ],
              },
            },
          ],
          "Version": "2012-10-17",
        },
        "PolicyName": "testIndexLambdaServiceRoleDefaultPolicyD508FE80",
        "Roles": [
          {
            "Ref": "testIndexLambdaServiceRole56B9AD34",
          },
        ],
      },
      "Type": "AWS::IAM::Policy",
    },
    "updaterLambdaE2EB52D9": {
      "DependsOn": [
        "updaterLambdaServiceRoleDefaultPolicy290C193D",
        "updaterLambdaServiceRole83C687C0",
      ],
      "Properties": {
        "Code": {
          "S3Bucket": {
            "Ref": "DistributionBucketName",
          },
          "S3Key": "content-api/TEST/recipes-responder/recipes-responder.zip",
        },
        "Environment": {
          "Variables": {
            "APP": "recipes-responder",
            "STACK": "content-api",
            "STAGE": "TEST",
          },
        },
        "Handler": "main.handler",
        "MemorySize": 512,
        "Role": {
          "Fn::GetAtt": [
            "updaterLambdaServiceRole83C687C0",
            "Arn",
          ],
        },
        "Runtime": "nodejs18.x",
        "Tags": [
          {
            "Key": "App",
            "Value": "recipes-responder",
          },
          {
            "Key": "gu:cdk:version",
            "Value": "TEST",
          },
          {
            "Key": "gu:repo",
            "Value": "guardian/recipes-backend",
          },
          {
            "Key": "Stack",
            "Value": "content-api",
          },
          {
            "Key": "Stage",
            "Value": "TEST",
          },
        ],
        "Timeout": 30,
      },
      "Type": "AWS::Lambda::Function",
    },
    "updaterLambdaKinesisEventSourceRecipesBackendcontentapifirehosev2TEST610C4BA2C96AE54F": {
      "Properties": {
        "BatchSize": 100,
        "BisectBatchOnFunctionError": true,
        "EventSourceArn": {
          "Fn::Join": [
            "",
            [
              "arn:aws:kinesis:",
              {
                "Ref": "AWS::Region",
              },
              ":",
              {
                "Ref": "AWS::AccountId",
              },
              ":stream/content-api-firehose-v2-TEST",
            ],
          ],
        },
        "FunctionName": {
          "Ref": "updaterLambdaE2EB52D9",
        },
        "MaximumRetryAttempts": 5,
        "StartingPosition": "LATEST",
      },
      "Type": "AWS::Lambda::EventSourceMapping",
    },
    "updaterLambdaServiceRole83C687C0": {
      "Properties": {
        "AssumeRolePolicyDocument": {
          "Statement": [
            {
              "Action": "sts:AssumeRole",
              "Effect": "Allow",
              "Principal": {
                "Service": "lambda.amazonaws.com",
              },
            },
          ],
          "Version": "2012-10-17",
        },
        "ManagedPolicyArns": [
          {
            "Fn::Join": [
              "",
              [
                "arn:",
                {
                  "Ref": "AWS::Partition",
                },
                ":iam::aws:policy/service-role/AWSLambdaBasicExecutionRole",
              ],
            ],
          },
        ],
        "Tags": [
          {
            "Key": "App",
            "Value": "recipes-responder",
          },
          {
            "Key": "gu:cdk:version",
            "Value": "TEST",
          },
          {
            "Key": "gu:repo",
            "Value": "guardian/recipes-backend",
          },
          {
            "Key": "Stack",
            "Value": "content-api",
          },
          {
            "Key": "Stage",
            "Value": "TEST",
          },
        ],
      },
      "Type": "AWS::IAM::Role",
    },
    "updaterLambdaServiceRoleDefaultPolicy290C193D": {
      "Properties": {
        "PolicyDocument": {
          "Statement": [
            {
              "Action": [
                "s3:GetObject*",
                "s3:GetBucket*",
                "s3:List*",
              ],
              "Effect": "Allow",
              "Resource": [
                {
                  "Fn::Join": [
                    "",
                    [
                      "arn:",
                      {
                        "Ref": "AWS::Partition",
                      },
                      ":s3:::",
                      {
                        "Ref": "DistributionBucketName",
                      },
                    ],
                  ],
                },
                {
                  "Fn::Join": [
                    "",
                    [
                      "arn:",
                      {
                        "Ref": "AWS::Partition",
                      },
                      ":s3:::",
                      {
                        "Ref": "DistributionBucketName",
                      },
                      "/content-api/TEST/recipes-responder/recipes-responder.zip",
                    ],
                  ],
                },
              ],
            },
            {
              "Action": "ssm:GetParametersByPath",
              "Effect": "Allow",
              "Resource": {
                "Fn::Join": [
                  "",
                  [
                    "arn:aws:ssm:",
                    {
                      "Ref": "AWS::Region",
                    },
                    ":",
                    {
                      "Ref": "AWS::AccountId",
                    },
                    ":parameter/TEST/content-api/recipes-responder",
                  ],
                ],
              },
            },
            {
              "Action": [
                "ssm:GetParameters",
                "ssm:GetParameter",
              ],
              "Effect": "Allow",
              "Resource": {
                "Fn::Join": [
                  "",
                  [
                    "arn:aws:ssm:",
                    {
                      "Ref": "AWS::Region",
                    },
                    ":",
                    {
                      "Ref": "AWS::AccountId",
                    },
                    ":parameter/TEST/content-api/recipes-responder/*",
                  ],
                ],
              },
            },
            {
              "Action": [
                "kinesis:DescribeStreamSummary",
                "kinesis:GetRecords",
                "kinesis:GetShardIterator",
                "kinesis:ListShards",
                "kinesis:SubscribeToShard",
                "kinesis:DescribeStream",
                "kinesis:ListStreams",
                "kinesis:DescribeStreamConsumer",
              ],
              "Effect": "Allow",
              "Resource": {
                "Fn::Join": [
                  "",
                  [
                    "arn:aws:kinesis:",
                    {
                      "Ref": "AWS::Region",
                    },
                    ":",
                    {
                      "Ref": "AWS::AccountId",
                    },
                    ":stream/content-api-firehose-v2-TEST",
                  ],
                ],
              },
            },
            {
              "Action": "kinesis:DescribeStream",
              "Effect": "Allow",
              "Resource": {
                "Fn::Join": [
                  "",
                  [
                    "arn:aws:kinesis:",
                    {
                      "Ref": "AWS::Region",
                    },
                    ":",
                    {
                      "Ref": "AWS::AccountId",
                    },
                    ":stream/content-api-firehose-v2-TEST",
                  ],
                ],
              },
            },
          ],
          "Version": "2012-10-17",
        },
        "PolicyName": "updaterLambdaServiceRoleDefaultPolicy290C193D",
        "Roles": [
          {
            "Ref": "updaterLambdaServiceRole83C687C0",
          },
        ],
      },
      "Type": "AWS::IAM::Policy",
    },
  },
}
`;
